// Vitest Snapshot v1

exports[`mount component 1`] = `
"<table style=\\"\\">
  <loading-stub loading=\\"false\\"></loading-stub>
</table>"
`;
